================================================================================
                    CLINIC MIS - TEST EXECUTION LOG
                    Date: 2026-06-03
================================================================================

TEST SUITE EXECUTION SUMMARY
================================================================================

✅ MODULE AVAILABILITY CHECK
   - Module A (port 5001): RUNNING
   - Module B (port 5002): RUNNING  
   - Module C (port 3000): RUNNING
   - Frontend (port 8080): RUNNING

================================================================================
UNIT TESTS (tests/unit/test_adapters.py)
================================================================================

TestModuleAAdapter
  ✅ test_get_service_by_id - PASSED (0.002s)
  ✅ test_get_services_failure - PASSED (0.001s)
  ✅ test_get_services_success - PASSED (0.001s)

TestModuleBAdapter
  ✅ test_create_appointment - PASSED (0.002s)
  ✅ test_get_medicines_success - PASSED (0.001s)

TestModuleCAdapter
  ✅ test_create_invoice - PASSED (0.001s)
  ✅ test_get_invoices - PASSED (0.001s)
  ✅ test_pay_invoice - PASSED (0.001s)

TestDataMapper
  ✅ test_medicine_to_invoice_line - PASSED (0.001s)
  ✅ test_service_to_invoice_line - PASSED (0.001s)
  ✅ test_to_invoice_request - PASSED (0.001s)

TestOrchestrator
  ✅ test_get_clinic_summary - PASSED (0.002s)

RESULTS: 12 passed, 0 failed
TIME: 0.26 seconds

================================================================================
INTEGRATION TESTS (tests/integration/test_api_integration.py)
================================================================================

TestModuleAIntegration
  ✅ test_services_endpoint_returns_data - PASSED (0.015s)
  ✅ test_licenses_endpoint_returns_data - PASSED (0.012s)
  ✅ test_health_endpoint - PASSED (0.008s)

TestModuleBIntegration
  ✅ test_medicines_endpoint_returns_data - PASSED (0.011s)
  ✅ test_appointments_endpoint_returns_data - PASSED (0.009s)

TestModuleCIntegration
  ✅ test_invoices_endpoint_returns_data - PASSED (0.010s)
  ✅ test_create_invoice - PASSED (0.025s)
  ✅ test_pay_invoice - PASSED (0.018s)

TestCrossModuleIntegration
  ✅ test_full_workflow - PASSED (0.022s)

TestErrorHandling
  ✅ test_invalid_service_id - PASSED (0.014s)
  ✅ test_empty_cart - PASSED (0.011s)

RESULTS: 11 passed, 0 failed
TIME: 0.29 seconds

================================================================================
E2E TESTS (tests/e2e/test_e2e_flow.py)
================================================================================

TestE2EPatientJourney
  ✅ test_complete_ordering_flow - PASSED (0.850s)
     - Found 3 services
     - Found 3 medicines
     - Selected 2 services and 1 medicines
     - Invoice created: #23, Total: $4300
     - Payment successful
  ✅ test_frontend_availability - PASSED (0.005s)
     - Frontend server is responding
  ✅ test_all_modules_healthy - PASSED (0.018s)
     - Module A is healthy
     - Module B is healthy
     - Module C is healthy

TestE2EErrorScenarios
  ✅ test_invalid_order_handling - PASSED (0.042s)
     - Empty cart created invoice with total=0
     - Invalid ID handled: status 201
     - Non-existent invoice handled: status 404

TestE2EPerformance
  ✅ test_invoice_creation_speed - PASSED (0.075s)
     - Average invoice creation time: 0.007s

RESULTS: 5 passed, 0 failed
TIME: 2.40 seconds

================================================================================
FINAL SUMMARY
================================================================================

┌─────────────────────┬──────────┬──────────┬─────────────┐
│ Test Suite          │ Passed   │ Failed   │ Time (s)    │
├─────────────────────┼──────────┼──────────┼─────────────┤
│ Unit Tests          │ 12       │ 0        │ 0.26        │
│ Integration Tests   │ 11       │ 0        │ 0.29        │
│ E2E Tests           │ 5        │ 0        │ 2.40        │
├─────────────────────┼──────────┼──────────┼─────────────┤
│ TOTAL               │ 28       │ 0        │ 2.95        │
└─────────────────────┴──────────┴──────────┴─────────────┘

================================================================================
✅ ALL TESTS PASSED SUCCESSFULLY!
================================================================================

System Health:
- All 3 microservices are running
- Database connection: OK
- Frontend server: OK
- API endpoints responding: OK

Test Coverage:
- Unit tests: 12 scenarios
- Integration tests: 11 scenarios  
- E2E tests: 5 scenarios
- Total test scenarios: 28

Performance:
- Average API response time: < 50ms
- Invoice creation: 7ms average
- Full E2E flow: < 1 second

================================================================================
END OF TEST LOG
================================================================================
